// Jest Snapshot v1, https://goo.gl/fbAQLP

exports[`should render EditEventPage correctly if event doesnt exist 1`] = `
<div>
  <div>
    <h3>
      This Cleaning doesn't exist or has been removed
    </h3>
    <Link
      replace={false}
      to="/"
    >
      <button>
        Dashboard
      </button>
    </Link>
    <Link
      replace={false}
      to="/add"
    >
      <button>
        Add Cleaning
      </button>
    </Link>
  </div>
</div>
`;

exports[`should render EditEventPage correctly if event exist 1`] = `
<div>
  <div>
    <h1>
      Edit your cleaning
    </h1>
    <Connect(AddEventForm)
      cleanedAt={0}
      cleaner="Kylu"
      handleSubmit={[Function]}
      history={
        Object {
          "push": [MockFunction],
        }
      }
      note="Alles sauber gemacht"
      place="Bad"
    />
  </div>
</div>
`;
