// Jest Snapshot v1, https://goo.gl/fbAQLP

exports[`should render EventsList correctly 1`] = `
<div
  class="container-fluid pt-3 pb-3"
>
  <Connect(Sorting)
    hideFilters={Array []}
  />
  <h3>
    No Events provided
  </h3>
</div>
`;

exports[`should render EventsList correctly if no events provided 1`] = `
<div
  class="container-fluid pt-3 pb-3"
>
  <Connect(Sorting)
    hideFilters={Array []}
  />
  <h3>
    No Events provided
  </h3>
</div>
`;
