// Jest Snapshot v1, https://goo.gl/fbAQLP

exports[`should render Navigation correctly 1`] = `
<nav
  class="navbar navbar-expand-sm bg-dark"
>
  <ul
    class="nav nav-pills mb-0"
  >
    <li
      class="nav-item"
    >
      <NavLink
        activeClassName="active"
        aria-current="page"
        className="nav-link"
        exact={true}
        to="/"
      >
        Dashboard
      </NavLink>
    </li>
    <li
      class="nav-item"
    >
      <NavLink
        activeClassName="active"
        aria-current="page"
        className="nav-link"
        to="/add"
      >
        Add Event
      </NavLink>
    </li>
    <li
      class="nav-item"
    >
      <NavLink
        activeClassName="active"
        aria-current="page"
        className="nav-link"
        to="/stats"
      >
        Stats
      </NavLink>
    </li>
  </ul>
</nav>
`;
