// Jest Snapshot v1, https://goo.gl/fbAQLP

exports[`should render the ViewEventPage correctly if event found 1`] = `
<div
  class="container-fluid"
>
  <div
    class="pt-3 row justify-content-center"
  >
    <div
      class="col-md-6"
    >
      <div
        class="card mb-3"
      >
        <div
          class="card-header d-flex justify-content-between align-items-center"
        >
          <div>
            <h5
              class="mb-0"
            >
              Bad
            </h5>
          </div>
          <div>
            <small
              class="text-secondary"
            >
              cleaned by:
            </small>
             
            Kylu
             
            <small
              class="text-secondary"
            >
              on:
            </small>
             
            1970/01/1
          </div>
        </div>
        <div
          class="card-body"
        >
          <h6
            class="card-subtitle mb-2 text-muted"
          />
          <p
            class="card-text"
          >
            Alles sauber gemacht
          </p>
        </div>
        <div
          class="card-footer text-muted"
        >
          <button
            class="btn btn-danger mr-1"
            onClick={[Function]}
          >
            remove
          </button>
          <Link
            class="btn btn-primary"
            replace={false}
            to="/edit/0"
          >
            Edit
          </Link>
        </div>
      </div>
      <div>
        <CommentsList
          currentEvent={
            Object {
              "cleanedAt": 0,
              "cleaner": "Kylu",
              "comments": Array [
                Object {
                  "commentBody": "this is my comment",
                  "commenter": "Kylu",
                  "createdAt": 125,
                  "id": "1",
                },
                Object {
                  "commentBody": "this is my another comment",
                  "commenter": "Chris",
                  "createdAt": 130,
                  "id": "2",
                },
              ],
              "createdAt": 0,
              "id": "0",
              "note": "Alles sauber gemacht",
              "place": "Bad",
            }
          }
        />
        <Connect(CommentAddForm)
          currentEventId="0"
        />
      </div>
    </div>
  </div>
</div>
`;

exports[`should render the ViewEventPage correctly if no event found 1`] = `
<div
  class="container-fluid"
>
  <h1>
    The cleaning doesn't exist or has been removed
  </h1>
  <Link
    replace={false}
    to="/"
  >
    <button>
      Dashboard
    </button>
  </Link>
</div>
`;
